#file conditionals.yapl
#line 2
1, KEY, const
2, KEY, uint16
3, ID, DEBUG
4, PUNCT, =
5, LIT, 0x0001
6, PUNCT, ;
#line 3
7, KEY, const
8, KEY, uint16
9, ID, RELEASE
10, PUNCT, =
11, LIT, 0x0000
12, PUNCT, ;
#line 6
13, KEY, var
14, KEY, int16
15, ID, debugCounter
16, PUNCT, ;
#line 12
17, KEY, var
18, KEY, int16
19, ID, notRelease
20, PUNCT, ;
