#file literals.yapl
#line 2
1, KEY, const
2, KEY, uint16
3, ID, DEC
4, PUNCT, =
5, LIT, 0x00FF
6, PUNCT, ;
#line 3
7, KEY, const
8, KEY, uint16
9, ID, HEX
10, PUNCT, =
11, LIT, 0x00FF
12, PUNCT, ;
#line 4
13, KEY, const
14, KEY, uint16
15, ID, BIN
16, PUNCT, =
17, LIT, 0x00FF
18, PUNCT, ;
#line 5
19, KEY, const
20, KEY, uint16
21, ID, OCT
22, PUNCT, =
23, LIT, 0x00FF
24, PUNCT, ;
#line 6
25, KEY, const
26, KEY, uint16
27, ID, CHAR
28, PUNCT, =
29, LIT, 0x0041
30, PUNCT, ;
#line 7
31, KEY, const
32, KEY, uint16
33, ID, NEWLINE
34, PUNCT, =
35, LIT, 0x000A
36, PUNCT, ;
#line 8
37, KEY, const
38, KEY, uint16
39, ID, HEXESC
40, PUNCT, =
41, LIT, 0x0041
42, PUNCT, ;
#line 9
43, KEY, var
44, KEY, byte
45, ID, str
46, PUNCT, [
47, LIT, 0x0010
48, PUNCT, ]
49, PUNCT, ;
